// Jest Snapshot v1, https://goo.gl/fbAQLP

exports[`Pruebas en <PrimeraApp /> debe de mostrar <PrimeraAPP /> correctamente 1`] = `
<Fragment>
  <h1>
     
    Hola soy Stefano
     
  </h1>
  <p>
    Soy un subtitulo
  </p>
</Fragment>
`;

exports[`Pruebas en <PrimeraApp /> debe de mostrar el subtitulo enviado por props 1`] = `
<Fragment>
  <h1>
     
    Hola soy Stefano
     
  </h1>
  <p>
    Soy un subtitulo
  </p>
</Fragment>
`;
